This is pdfTeX, Version 3.141592653-2.6-1.40.29 (TeX Live 2026) (preloaded format=pdflatex 2026.6.4)  22 JUN 2026 10:40
entering extended mode
 restricted \write18 enabled.
 %&-line parsing enabled.
**TechnicalDocumentation.tex
(./TechnicalDocumentation.tex
LaTeX2e <2025-11-01>
L3 programming layer <2026-03-20>
(/usr/share/texlive/texmf-dist/tex/latex/base/article.cls
Document Class: article 2025/01/22 v1.4n Standard LaTeX document class
(/usr/share/texlive/texmf-dist/tex/latex/base/size10.clo
File: size10.clo 2025/01/22 v1.4n Standard LaTeX file (size option)
)
\c@part=\count275
\c@section=\count276
\c@subsection=\count277
\c@subsubsection=\count278
\c@paragraph=\count279
\c@subparagraph=\count280
\c@figure=\count281
\c@table=\count282
\abovecaptionskip=\skip49
\belowcaptionskip=\skip50
\bibindent=\dimen150
)
(/usr/share/texlive/texmf-dist/tex/generic/babel/babel.sty
Package: babel 2026/04/15 v26.6 The multilingual framework for LuaLaTeX, pdfLaT
eX and XeLaTeX
\babel@savecnt=\count283
LaTeX Encoding Info:    Redeclaring text command \ij (encoding OT1) on input li
ne 2078.
LaTeX Encoding Info:    Redeclaring text command \IJ (encoding OT1) on input li
ne 2080.
LaTeX Encoding Info:    Redeclaring text command \ij (encoding T1) on input lin
e 2082.
LaTeX Encoding Info:    Redeclaring text command \IJ (encoding T1) on input lin
e 2083.
LaTeX Encoding Info:    Ignoring declaration for text command \ij (encoding ?) 
on input line 2084.
LaTeX Encoding Info:    Ignoring declaration for text command \IJ (encoding ?) 
on input line 2086.
LaTeX Encoding Info:    Ignoring declaration for text command \SS (encoding ?) 
on input line 2111.
\U@D=\dimen151
\l@unhyphenated=\language89

(/usr/share/texlive/texmf-dist/tex/generic/babel/txtbabel.def)
\bbl@readstream=\read2
\bbl@dirlevel=\count284

(/usr/share/texlive/texmf-dist/tex/generic/babel/locale/en/babel-english.tex)
Package babel Info: Importing font and identification data for english
(babel)             from babel-en.ini. Reported on input line 4330.

(/usr/share/texlive/texmf-dist/tex/generic/babel-english/english.ldf
Language: english 2017/06/06 v3.3r English support from the babel system
Package babel Info: Hyphen rules for 'canadian' set to \l@english
(babel)             (\language0). Reported on input line 102.
Package babel Info: Hyphen rules for 'australian' set to \l@ukenglish
(babel)             (\language4). Reported on input line 105.
Package babel Info: Hyphen rules for 'newzealand' set to \l@ukenglish
(babel)             (\language4). Reported on input line 108.
))
(/usr/share/texlive/texmf-dist/tex/latex/graphics/graphicx.sty
Package: graphicx 2024/12/31 v1.2e Enhanced LaTeX Graphics (DPC,SPQR)

(/usr/share/texlive/texmf-dist/tex/latex/graphics/keyval.sty
Package: keyval 2022/05/29 v1.15 key=value parser (DPC)
\KV@toks@=\toks17
)
(/usr/share/texlive/texmf-dist/tex/latex/graphics/graphics.sty
Package: graphics 2024/08/06 v1.4g Standard LaTeX Graphics (DPC,SPQR)

(/usr/share/texlive/texmf-dist/tex/latex/graphics/trig.sty
Package: trig 2023/12/02 v1.11 sin cos tan (DPC)
)
(/usr/share/texlive/texmf-dist/tex/latex/graphics-cfg/graphics.cfg
File: graphics.cfg 2016/06/04 v1.11 sample graphics configuration
)
Package graphics Info: Driver file: pdftex.def on input line 106.

(/usr/share/texlive/texmf-dist/tex/latex/graphics-def/pdftex.def
File: pdftex.def 2025/09/29 v1.2d Graphics/color driver for pdftex
))
\Gin@req@height=\dimen152
\Gin@req@width=\dimen153
)
(/usr/share/texlive/texmf-dist/tex/latex/geometry/geometry.sty
Package: geometry 2026/03/07 v6.0 Page Geometry

(/usr/share/texlive/texmf-dist/tex/generic/iftex/ifvtex.sty
Package: ifvtex 2019/10/25 v1.7 ifvtex legacy package. Use iftex instead.

(/usr/share/texlive/texmf-dist/tex/generic/iftex/iftex.sty
Package: iftex 2024/12/12 v1.0g TeX engine tests
))
\Gm@cnth=\count285
\Gm@cntv=\count286
\c@Gm@tempcnt=\count287
\Gm@bindingoffset=\dimen154
\Gm@wd@mp=\dimen155
\Gm@odd@mp=\dimen156
\Gm@even@mp=\dimen157
\Gm@layoutwidth=\dimen158
\Gm@layoutheight=\dimen159
\Gm@layouthoffset=\dimen160
\Gm@layoutvoffset=\dimen161
\Gm@dimlist=\toks18
)
(/usr/share/texlive/texmf-dist/tex/latex/listings/listings.sty
\lst@mode=\count288
\lst@gtempboxa=\box53
\lst@token=\toks19
\lst@length=\count289
\lst@currlwidth=\dimen162
\lst@column=\count290
\lst@pos=\count291
\lst@lostspace=\dimen163
\lst@width=\dimen164
\lst@newlines=\count292
\lst@lineno=\count293
\lst@maxwidth=\dimen165

(/usr/share/texlive/texmf-dist/tex/latex/listings/lstpatch.sty
File: lstpatch.sty 2025/11/14 1.11b (Carsten Heinz)
)
(/usr/share/texlive/texmf-dist/tex/latex/listings/lstmisc.sty
File: lstmisc.sty 2025/11/14 1.11b (Carsten Heinz)
\c@lstnumber=\count294
\lst@skipnumbers=\count295
\lst@framebox=\box54
)
(/usr/share/texlive/texmf-dist/tex/latex/listings/listings.cfg
File: listings.cfg 2025/11/14 1.11b listings configuration
))
Package: listings 2025/11/14 1.11b (Carsten Heinz)

==> First Aid for listings.sty no longer applied!
    Expected:
        2024/09/23 1.10c (Carsten Heinz)
    but found:
        2025/11/14 1.11b (Carsten Heinz)
    so I'm assuming it got fixed.
(/usr/share/texlive/texmf-dist/tex/latex/xcolor/xcolor.sty
Package: xcolor 2024/09/29 v3.02 LaTeX color extensions (UK)

(/usr/share/texlive/texmf-dist/tex/latex/graphics-cfg/color.cfg
File: color.cfg 2016/01/02 v1.6 sample color configuration
)
Package xcolor Info: Driver file: pdftex.def on input line 274.

(/usr/share/texlive/texmf-dist/tex/latex/graphics/mathcolor.ltx)
Package xcolor Info: Model `cmy' substituted by `cmy0' on input line 1349.
Package xcolor Info: Model `hsb' substituted by `rgb' on input line 1353.
Package xcolor Info: Model `RGB' extended on input line 1365.
Package xcolor Info: Model `HTML' substituted by `rgb' on input line 1367.
Package xcolor Info: Model `Hsb' substituted by `hsb' on input line 1368.
Package xcolor Info: Model `tHsb' substituted by `hsb' on input line 1369.
Package xcolor Info: Model `HSB' substituted by `hsb' on input line 1370.
Package xcolor Info: Model `Gray' substituted by `gray' on input line 1371.
Package xcolor Info: Model `wave' substituted by `hsb' on input line 1372.
)
(/usr/share/texlive/texmf-dist/tex/latex/xurl/xurl.sty
Package: xurl 2022/01/09 v 0.10 modify URL breaks

(/usr/share/texlive/texmf-dist/tex/latex/url/url.sty
\Urlmuskip=\muskip17
Package: url 2013/09/16  ver 3.4  Verb mode for urls, etc.
))
(/usr/share/texlive/texmf-dist/tex/latex/l3backend/l3backend-pdftex.def
File: l3backend-pdftex.def 2026-02-18 L3 backend support: PDF output (pdfTeX)
\l__color_backend_stack_int=\count296
)
(./TechnicalDocumentation.aux)
\openout1 = `TechnicalDocumentation.aux'.

LaTeX Font Info:    Checking defaults for OML/cmm/m/it on input line 55.
LaTeX Font Info:    ... okay on input line 55.
LaTeX Font Info:    Checking defaults for OMS/cmsy/m/n on input line 55.
LaTeX Font Info:    ... okay on input line 55.
LaTeX Font Info:    Checking defaults for OT1/cmr/m/n on input line 55.
LaTeX Font Info:    ... okay on input line 55.
LaTeX Font Info:    Checking defaults for T1/cmr/m/n on input line 55.
LaTeX Font Info:    ... okay on input line 55.
LaTeX Font Info:    Checking defaults for TS1/cmr/m/n on input line 55.
LaTeX Font Info:    ... okay on input line 55.
LaTeX Font Info:    Checking defaults for OMX/cmex/m/n on input line 55.
LaTeX Font Info:    ... okay on input line 55.
LaTeX Font Info:    Checking defaults for U/cmr/m/n on input line 55.
LaTeX Font Info:    ... okay on input line 55.

(/usr/share/texlive/texmf-dist/tex/context/base/mkii/supp-pdf.mkii
[Loading MPS to PDF converter (version 2006.09.02).]
\scratchcounter=\count297
\scratchdimen=\dimen166
\scratchbox=\box55
\nofMPsegments=\count298
\nofMParguments=\count299
\everyMPshowfont=\toks20
\MPscratchCnt=\count300
\MPscratchDim=\dimen167
\MPnumerator=\count301
\makeMPintoPDFobject=\count302
\everyMPtoPDFconversion=\toks21
) (/usr/share/texlive/texmf-dist/tex/latex/epstopdf-pkg/epstopdf-base.sty
Package: epstopdf-base 2020-01-24 v2.11 Base part for package epstopdf
Package epstopdf-base Info: Redefining graphics rule for `.eps' on input line 4
85.

(/usr/share/texlive/texmf-dist/tex/latex/latexconfig/epstopdf-sys.cfg
File: epstopdf-sys.cfg 2010/07/13 v1.3 Configuration of (r)epstopdf for TeX Liv
e
))
*geometry* driver: auto-detecting
*geometry* detected driver: pdftex
*geometry* verbose mode - [ preamble ] result:
* driver: pdftex
* paper: a4paper
* layout: <same size as paper>
* layoutoffset:(h,v)=(0.0pt,0.0pt)
* modes: 
* h-part:(L,W,R)=(81.94394pt, 433.62pt, 81.94394pt)
* v-part:(T,H,B)=(106.75473pt, 578.15999pt, 160.13213pt)
* \paperwidth=597.50787pt
* \paperheight=845.04684pt
* \textwidth=433.62pt
* \textheight=578.15999pt
* \oddsidemargin=9.67395pt
* \evensidemargin=9.67395pt
* \topmargin=-2.51526pt
* \headheight=12.0pt
* \headsep=25.0pt
* \topskip=10.0pt
* \footskip=30.0pt
* \marginparwidth=65.0pt
* \marginparsep=11.0pt
* \columnsep=10.0pt
* \skip\footins=9.0pt plus 4.0pt minus 2.0pt
* \hoffset=0.0pt
* \voffset=0.0pt
* \mag=1000
* \@twocolumnfalse
* \@twosidefalse
* \@mparswitchfalse
* \@reversemarginfalse
* (1in=72.27pt=25.4mm, 1cm=28.453pt)

\c@lstlisting=\count303
LaTeX Font Info:    External font `cmex10' loaded for size
(Font)              <7> on input line 74.
LaTeX Font Info:    External font `cmex10' loaded for size
(Font)              <5> on input line 74.
<./images/umcu.png, id=1, 70.5837pt x 70.5837pt>
File: ./images/umcu.png Graphic file (type png)
<use ./images/umcu.png>
Package pdftex.def Info: ./images/umcu.png  used on input line 75.
(pdftex.def)             Requested size: 65.04034pt x 65.04439pt.
<./images/hu.png, id=2, 357.335pt x 357.335pt>
File: ./images/hu.png Graphic file (type png)
<use ./images/hu.png>
Package pdftex.def Info: ./images/hu.png  used on input line 76.
(pdftex.def)             Requested size: 65.04034pt x 65.03725pt.
[1

{/var/lib/texmf/fonts/map/pdftex/updmap/pdftex.map} <./images/umcu.png> <./imag
es/hu.png>] (./TechnicalDocumentation.toc [1])
\tf@toc=\write3
\openout3 = `TechnicalDocumentation.toc'.

 [2] [3] [4{/usr/share/texlive/texmf-dist/fonts/enc/dvips/cm-super/cm-super-ts1
.enc}] [5]
(/usr/share/texlive/texmf-dist/tex/latex/listings/lstlang1.sty
File: lstlang1.sty 2025/11/14 1.11b listings language file
) [6]
LaTeX Font Info:    Font shape `OT1/cmtt/bx/n' in size <9> not available
(Font)              Font shape `OT1/cmtt/m/n' tried instead on input line 220.
 [7]
[8]
<./images/runner-creation.png, id=48, 1927.2pt x 1084.05pt>
File: ./images/runner-creation.png Graphic file (type png)
<use ./images/runner-creation.png>
Package pdftex.def Info: ./images/runner-creation.png  used on input line 346.
(pdftex.def)             Requested size: 433.62pt x 243.90073pt.
 [9] [10 <./images/runner-creation.png>] [11] [12] [13] [14] [15] [16]
[17] [18]
<./images/group-deploytokens.png, id=84, 1927.2pt x 1084.05pt>
File: ./images/group-deploytokens.png Graphic file (type png)
<use ./images/group-deploytokens.png>
Package pdftex.def Info: ./images/group-deploytokens.png  used on input line 85
1.
(pdftex.def)             Requested size: 433.62pt x 243.90073pt.
<./images/group-variables.png, id=85, 1927.2pt x 1084.05pt>
File: ./images/group-variables.png Graphic file (type png)
<use ./images/group-variables.png>
Package pdftex.def Info: ./images/group-variables.png  used on input line 860.
(pdftex.def)             Requested size: 433.62pt x 243.90073pt.
 [19] [20 <./images/group-deploytokens.png> <./images/group-variables.png>]
<./images/templates-jobtoken.png, id=94, 1927.2pt x 1084.05pt>
File: ./images/templates-jobtoken.png Graphic file (type png)
<use ./images/templates-jobtoken.png>
Package pdftex.def Info: ./images/templates-jobtoken.png  used on input line 87
1.
(pdftex.def)             Requested size: 433.62pt x 243.90073pt.
<./images/templates-repository.png, id=95, 1927.2pt x 1084.05pt>
File: ./images/templates-repository.png Graphic file (type png)
<use ./images/templates-repository.png>
Package pdftex.def Info: ./images/templates-repository.png  used on input line 
875.
(pdftex.def)             Requested size: 433.62pt x 243.90073pt.
 [21 <./images/templates-jobtoken.png>] [22 <./images/templates-repository.png>
] [23]
<./images/repository-creation.png, id=107, 1927.2pt x 1084.05pt>
File: ./images/repository-creation.png Graphic file (type png)
<use ./images/repository-creation.png>
Package pdftex.def Info: ./images/repository-creation.png  used on input line 9
48.
(pdftex.def)             Requested size: 433.62pt x 243.90073pt.
<./images/user-repository.png, id=108, 1927.2pt x 1084.05pt>
File: ./images/user-repository.png Graphic file (type png)
<use ./images/user-repository.png>
Package pdftex.def Info: ./images/user-repository.png  used on input line 952.
(pdftex.def)             Requested size: 433.62pt x 243.90073pt.
 [24] [25 <./images/repository-creation.png> <./images/user-repository.png>]
LaTeX Font Info:    Font shape `OT1/cmtt/bx/n' in size <10> not available
(Font)              Font shape `OT1/cmtt/m/n' tried instead on input line 979.
 [26] [27]
<./images/repository-variables.png, id=124, 1927.2pt x 1084.05pt>
File: ./images/repository-variables.png Graphic file (type png)
<use ./images/repository-variables.png>
Package pdftex.def Info: ./images/repository-variables.png  used on input line 
1104.
(pdftex.def)             Requested size: 433.62pt x 243.90073pt.
<./images/smb-folder-structure.png, id=125, 510.10574pt x 311.36325pt>
File: ./images/smb-folder-structure.png Graphic file (type png)
<use ./images/smb-folder-structure.png>
Package pdftex.def Info: ./images/smb-folder-structure.png  used on input line 
1110.
(pdftex.def)             Requested size: 433.62pt x 264.67902pt.
 [28] [29 <./images/repository-variables.png> <./images/smb-folder-structure.pn
g>]
<./images/pipeline-page.png, id=134, 1927.2pt x 1084.05pt>
File: ./images/pipeline-page.png Graphic file (type png)
<use ./images/pipeline-page.png>
Package pdftex.def Info: ./images/pipeline-page.png  used on input line 1136.
(pdftex.def)             Requested size: 433.62pt x 243.90073pt.
<./images/job-page.png, id=135, 1927.2pt x 1084.05pt>
File: ./images/job-page.png Graphic file (type png)
<use ./images/job-page.png>
Package pdftex.def Info: ./images/job-page.png  used on input line 1142.
(pdftex.def)             Requested size: 433.62pt x 243.90073pt.
<./images/environment-page.png, id=136, 1927.2pt x 1084.05pt>
File: ./images/environment-page.png Graphic file (type png)
<use ./images/environment-page.png>
Package pdftex.def Info: ./images/environment-page.png  used on input line 1148
.
(pdftex.def)             Requested size: 433.62pt x 243.90073pt.
<./images/tensorboard.png, id=137, 1914.15125pt x 1054.94125pt>
File: ./images/tensorboard.png Graphic file (type png)
<use ./images/tensorboard.png>
Package pdftex.def Info: ./images/tensorboard.png  used on input line 1150.
(pdftex.def)             Requested size: 433.62pt x 238.97734pt.
 [30] [31 <./images/pipeline-page.png> <./images/job-page.png>] [32 <./images/e
nvironment-page.png> <./images/tensorboard.png>] [33]
[34] [35] (./TechnicalDocumentation.aux)
 ***********
LaTeX2e <2025-11-01>
L3 programming layer <2026-03-20>
 ***********
 ) 
Here is how much of TeX's memory you used:
 5747 strings out of 467363
 89910 string characters out of 5419002
 892937 words of memory out of 6000000
 34805 multiletter control sequences out of 15000+600000
 631318 words of font info for 53 fonts, out of 8000000 for 9000
 1141 hyphenation exceptions out of 8191
 57i,10n,65p,624b,1680s stack positions out of 10000i,1000n,20000p,200000b,200000s
</usr/share/texlive/texmf-dist/fonts/type1/public/amsfonts/cm/cmbx10.pfb></us
r/share/texlive/texmf-dist/fonts/type1/public/amsfonts/cm/cmbx12.pfb></usr/shar
e/texlive/texmf-dist/fonts/type1/public/amsfonts/cm/cmitt10.pfb></usr/share/tex
live/texmf-dist/fonts/type1/public/amsfonts/cm/cmmi10.pfb></usr/share/texlive/t
exmf-dist/fonts/type1/public/amsfonts/cm/cmr10.pfb></usr/share/texlive/texmf-di
st/fonts/type1/public/amsfonts/cm/cmr12.pfb></usr/share/texlive/texmf-dist/font
s/type1/public/amsfonts/cm/cmr17.pfb></usr/share/texlive/texmf-dist/fonts/type1
/public/amsfonts/cm/cmr5.pfb></usr/share/texlive/texmf-dist/fonts/type1/public/
amsfonts/cm/cmsy10.pfb></usr/share/texlive/texmf-dist/fonts/type1/public/amsfon
ts/cm/cmti10.pfb></usr/share/texlive/texmf-dist/fonts/type1/public/amsfonts/cm/
cmtt10.pfb></usr/share/texlive/texmf-dist/fonts/type1/public/amsfonts/cm/cmtt9.
pfb></usr/share/texlive/texmf-dist/fonts/type1/public/cm-super/sfrm1000.pfb></u
sr/share/texlive/texmf-dist/fonts/type1/public/cm-super/sftt0900.pfb>
Output written on TechnicalDocumentation.pdf (36 pages, 3302211 bytes).
PDF statistics:
 222 PDF objects out of 1000 (max. 8388607)
 124 compressed objects within 2 object streams
 0 named destinations out of 1000 (max. 500000)
 76 words of extra memory for PDF output out of 10000 (max. 10000000)

