\BOOKMARK [1][-]{section.1}{\376\377\000I\000n\000t\000r\000o\000d\000u\000c\000t\000i\000o\000n}{}% 1
\BOOKMARK [1][-]{section.2}{\376\377\000C\000o\000m\000p\000o\000n\000e\000n\000t\000s}{}% 2
\BOOKMARK [2][-]{subsection.2.1}{\376\377\000R\000e\000c\000o\000m\000m\000e\000n\000d\000e\000d\000\040\000S\000e\000t\000u\000p}{section.2}% 3
\BOOKMARK [2][-]{subsection.2.2}{\376\377\000G\000i\000t\000L\000a\000b}{section.2}% 4
\BOOKMARK [2][-]{subsection.2.3}{\376\377\000R\000K\000E\0002}{section.2}% 5
\BOOKMARK [2][-]{subsection.2.4}{\376\377\000S\000M\000B}{section.2}% 6
\BOOKMARK [1][-]{section.3}{\376\377\000I\000n\000s\000t\000a\000l\000l\000a\000t\000i\000o\000n}{}% 7
\BOOKMARK [2][-]{subsection.3.1}{\376\377\000G\000i\000t\000L\000a\000b}{section.3}% 8
\BOOKMARK [3][-]{subsubsection.3.1.1}{\376\377\000B\000a\000s\000e\000\040\000C\000o\000n\000f\000i\000g\000u\000r\000a\000t\000i\000o\000n\000,\000\040\000S\000S\000H\000\040\000\046\000\040\000F\000i\000r\000e\000w\000a\000l\000l}{subsection.3.1}% 9
\BOOKMARK [3][-]{subsubsection.3.1.2}{\376\377\000D\000o\000c\000k\000e\000r}{subsection.3.1}% 10
\BOOKMARK [3][-]{subsubsection.3.1.3}{\376\377\000G\000i\000t\000L\000a\000b\000\040\000C\000E}{subsection.3.1}% 11
\BOOKMARK [3][-]{subsubsection.3.1.4}{\376\377\000G\000i\000t\000L\000a\000b\000\040\000S\000M\000T\000P}{subsection.3.1}% 12
\BOOKMARK [3][-]{subsubsection.3.1.5}{\376\377\000G\000i\000t\000L\000a\000b\000\040\000R\000u\000n\000n\000e\000r}{subsection.3.1}% 13
\BOOKMARK [3][-]{subsubsection.3.1.6}{\376\377\000G\000i\000t\000L\000a\000b\000\040\000C\000o\000n\000t\000a\000i\000n\000e\000r\000\040\000R\000e\000g\000i\000s\000t\000r\000y}{subsection.3.1}% 14
\BOOKMARK [3][-]{subsubsection.3.1.7}{\376\377\000G\000i\000t\000L\000a\000b\000\040\000P\000a\000g\000e\000s}{subsection.3.1}% 15
\BOOKMARK [2][-]{subsection.3.2}{\376\377\000R\000K\000E\0002}{section.3}% 16
\BOOKMARK [3][-]{subsubsection.3.2.1}{\376\377\000B\000a\000s\000e\000\040\000C\000o\000n\000f\000i\000g\000u\000r\000a\000t\000i\000o\000n\000,\000\040\000S\000S\000H\000\040\000\046\000\040\000F\000i\000r\000e\000w\000a\000l\000l}{subsection.3.2}% 17
\BOOKMARK [3][-]{subsubsection.3.2.2}{\376\377\000N\000V\000I\000D\000I\000A\000\040\000D\000r\000i\000v\000e\000r\000s}{subsection.3.2}% 18
\BOOKMARK [3][-]{subsubsection.3.2.3}{\376\377\000N\000V\000I\000D\000I\000A\000\040\000C\000o\000n\000t\000a\000i\000n\000e\000r\000\040\000T\000o\000o\000l\000k\000i\000t}{subsection.3.2}% 19
\BOOKMARK [3][-]{subsubsection.3.2.4}{\376\377\000H\000e\000l\000m}{subsection.3.2}% 20
\BOOKMARK [3][-]{subsubsection.3.2.5}{\376\377\000R\000K\000E\0002}{subsection.3.2}% 21
\BOOKMARK [3][-]{subsubsection.3.2.6}{\376\377\000G\000P\000U\000\040\000O\000p\000e\000r\000a\000t\000o\000r}{subsection.3.2}% 22
\BOOKMARK [3][-]{subsubsection.3.2.7}{\376\377\000S\000M\000B\000\040\000C\000S\000I\000\040\000D\000r\000i\000v\000e\000r}{subsection.3.2}% 23
\BOOKMARK [2][-]{subsection.3.3}{\376\377\000S\000M\000B}{section.3}% 24
\BOOKMARK [3][-]{subsubsection.3.3.1}{\376\377\000B\000a\000s\000e\000\040\000C\000o\000n\000f\000i\000g\000u\000r\000a\000t\000i\000o\000n\000,\000\040\000S\000S\000H\000\040\000\046\000\040\000F\000i\000r\000e\000w\000a\000l\000l}{subsection.3.3}% 25
\BOOKMARK [3][-]{subsubsection.3.3.2}{\376\377\000S\000M\000B}{subsection.3.3}% 26
\BOOKMARK [2][-]{subsection.3.4}{\376\377\000C\000o\000n\000n\000e\000c\000t\000i\000o\000n\000s}{section.3}% 27
\BOOKMARK [3][-]{subsubsection.3.4.1}{\376\377\000G\000i\000t\000L\000a\000b\000\040\000t\000o\000\040\000R\000K\000E\0002}{subsection.3.4}% 28
\BOOKMARK [3][-]{subsubsection.3.4.2}{\376\377\000R\000K\000E\0002\000\040\000t\000o\000\040\000G\000i\000t\000L\000a\000b}{subsection.3.4}% 29
\BOOKMARK [3][-]{subsubsection.3.4.3}{\376\377\000G\000i\000t\000L\000a\000b\000\040\000a\000n\000d\000\040\000R\000K\000E\0002\000\040\000t\000o\000\040\000S\000M\000B}{subsection.3.4}% 30
\BOOKMARK [1][-]{section.4}{\376\377\000M\000a\000n\000u\000a\000l}{}% 31
